// Jest Snapshot v1, https://goo.gl/fbAQLP

exports[`renders 1`] = `
<textarea
  cols={1}
  readOnly={true}
  style={
    Object {
      "background": "transparent",
      "border": "none",
      "color": "#1976d2",
      "fontSize": "1.2rem",
      "margin": 0,
      "outline": "none",
      "padding": 0,
      "position": "relative",
      "resize": "none",
      "textAlign": "right",
      "zIndex": 2,
    }
  }
  value="|
|
|
|"
/>
`;
